// Jest Snapshot v1, https://goo.gl/fbAQLP

exports[`InputButtonOptions should render correctly 1`] = `
<View
  style={
    Object {
      "marginBottom": 15,
    }
  }
>
  <Text
    style={
      Object {
        "color": "#8F9CB3",
        "fontSize": 16,
        "fontWeight": "bold",
        "marginBottom": 5,
      }
    }
  >
    some-label
  </Text>
  <View
    style={
      Object {
        "backgroundColor": "#fff",
        "borderColor": "#e3e3e3",
        "borderRadius": 3,
        "borderWidth": 1,
        "flexDirection": "row",
        "height": 40,
        "marginHorizontal": 10,
        "marginVertical": 5,
        "overflow": "hidden",
      }
    }
  >
    <View
      style={
        Object {
          "borderRightColor": "#bdc6cf",
          "borderRightWidth": 1,
          "flex": 1,
        }
      }
    >
      <View
        accessible={true}
        focusable={true}
        onClick={[Function]}
        onResponderGrant={[Function]}
        onResponderMove={[Function]}
        onResponderRelease={[Function]}
        onResponderTerminate={[Function]}
        onResponderTerminationRequest={[Function]}
        onStartShouldSetResponder={[Function]}
        style={
          Object {
            "flex": 1,
            "opacity": 1,
          }
        }
        testID="buttonGroupItem"
      >
        <View
          style={
            Object {
              "alignItems": "center",
              "backgroundColor": "#2089dc",
              "flex": 1,
              "justifyContent": "center",
            }
          }
        >
          <Text
            style={
              Object {
                "color": "#fff",
                "fontSize": 16.714285714285715,
                "fontWeight": "500",
              }
            }
            testID="buttonGroupItemText"
          >
            uno
          </Text>
        </View>
      </View>
    </View>
    <View
      style={
        Object {
          "borderRightColor": "#bdc6cf",
          "borderRightWidth": 1,
          "flex": 1,
        }
      }
    >
      <View
        accessible={true}
        focusable={true}
        onClick={[Function]}
        onResponderGrant={[Function]}
        onResponderMove={[Function]}
        onResponderRelease={[Function]}
        onResponderTerminate={[Function]}
        onResponderTerminationRequest={[Function]}
        onStartShouldSetResponder={[Function]}
        style={
          Object {
            "flex": 1,
            "opacity": 1,
          }
        }
        testID="buttonGroupItem"
      >
        <View
          style={
            Object {
              "alignItems": "center",
              "flex": 1,
              "justifyContent": "center",
            }
          }
        >
          <Text
            style={
              Object {
                "color": "#5e6977",
                "fontSize": 16.714285714285715,
                "fontWeight": "500",
              }
            }
            testID="buttonGroupItemText"
          >
            two
          </Text>
        </View>
      </View>
    </View>
    <View
      style={
        Object {
          "flex": 1,
        }
      }
    >
      <View
        accessible={true}
        focusable={true}
        onClick={[Function]}
        onResponderGrant={[Function]}
        onResponderMove={[Function]}
        onResponderRelease={[Function]}
        onResponderTerminate={[Function]}
        onResponderTerminationRequest={[Function]}
        onStartShouldSetResponder={[Function]}
        style={
          Object {
            "flex": 1,
            "opacity": 1,
          }
        }
        testID="buttonGroupItem"
      >
        <View
          style={
            Object {
              "alignItems": "center",
              "flex": 1,
              "justifyContent": "center",
            }
          }
        >
          <Text
            style={
              Object {
                "color": "#5e6977",
                "fontSize": 16.714285714285715,
                "fontWeight": "500",
              }
            }
            testID="buttonGroupItemText"
          >
            three
          </Text>
        </View>
      </View>
    </View>
  </View>
</View>
`;
